05-26 23:13:00 com_github_MitjaNemec_PlaceFootprints.action_place_footprints 674:Plugin executed on: 'win32'
05-26 23:13:00 com_github_MitjaNemec_PlaceFootprints.action_place_footprints 675:Plugin executed with python version: '3.11.5 (main, Sep 17 2025, 01:04:48) [MSC v.1944 64 bit (AMD64)]'
05-26 23:13:00 com_github_MitjaNemec_PlaceFootprints.action_place_footprints 676:KiCad build version: 9.0.6
05-26 23:13:00 com_github_MitjaNemec_PlaceFootprints.action_place_footprints 677:Plugin version: 4.0.1
05-26 23:13:00 com_github_MitjaNemec_PlaceFootprints.action_place_footprints 678:Frame repr: <wx._core.Frame object at 0x0000020556CEF130>
05-26 23:13:00 com_github_MitjaNemec_PlaceFootprints.place_footprints 121:getting a list of all footprints on board
05-26 23:13:00 com_github_MitjaNemec_PlaceFootprints.place_footprints 156:Footprint kibuzzard-6A166AE0 on root level
05-26 23:13:00 com_github_MitjaNemec_PlaceFootprints.place_footprints 156:Footprint U4 on root level
05-26 23:13:00 com_github_MitjaNemec_PlaceFootprints.place_footprints 156:Footprint J1 on root level
05-26 23:13:00 com_github_MitjaNemec_PlaceFootprints.place_footprints 156:Footprint kibuzzard-6A166AEF on root level
05-26 23:13:00 com_github_MitjaNemec_PlaceFootprints.place_footprints 156:Footprint R17 on root level
05-26 23:13:00 com_github_MitjaNemec_PlaceFootprints.place_footprints 156:Footprint J2 on root level
05-26 23:13:00 com_github_MitjaNemec_PlaceFootprints.place_footprints 156:Footprint R2 on root level
05-26 23:13:00 com_github_MitjaNemec_PlaceFootprints.place_footprints 156:Footprint D1 on root level
05-26 23:13:00 com_github_MitjaNemec_PlaceFootprints.place_footprints 156:Footprint R3 on root level
05-26 23:13:00 com_github_MitjaNemec_PlaceFootprints.place_footprints 156:Footprint R16 on root level
05-26 23:13:00 com_github_MitjaNemec_PlaceFootprints.place_footprints 156:Footprint C4 on root level
05-26 23:13:00 com_github_MitjaNemec_PlaceFootprints.place_footprints 156:Footprint R1 on root level
05-26 23:13:00 com_github_MitjaNemec_PlaceFootprints.place_footprints 156:Footprint C2 on root level
05-26 23:13:00 com_github_MitjaNemec_PlaceFootprints.place_footprints 156:Footprint C5 on root level
05-26 23:13:00 com_github_MitjaNemec_PlaceFootprints.place_footprints 156:Footprint Q5 on root level
05-26 23:13:00 com_github_MitjaNemec_PlaceFootprints.place_footprints 156:Footprint Q4 on root level
05-26 23:13:00 com_github_MitjaNemec_PlaceFootprints.place_footprints 156:Footprint D7 on root level
05-26 23:13:00 com_github_MitjaNemec_PlaceFootprints.place_footprints 156:Footprint D6 on root level
05-26 23:13:00 com_github_MitjaNemec_PlaceFootprints.place_footprints 156:Footprint C7 on root level
05-26 23:13:00 com_github_MitjaNemec_PlaceFootprints.place_footprints 156:Footprint C8 on root level
05-26 23:13:00 com_github_MitjaNemec_PlaceFootprints.place_footprints 156:Footprint J5 on root level
05-26 23:13:00 com_github_MitjaNemec_PlaceFootprints.place_footprints 156:Footprint C23 on root level
05-26 23:13:00 com_github_MitjaNemec_PlaceFootprints.place_footprints 156:Footprint Q2 on root level
05-26 23:13:00 com_github_MitjaNemec_PlaceFootprints.place_footprints 156:Footprint NANO-SIM-0501A-P1 on root level
05-26 23:13:00 com_github_MitjaNemec_PlaceFootprints.place_footprints 156:Footprint C26 on root level
05-26 23:13:00 com_github_MitjaNemec_PlaceFootprints.place_footprints 156:Footprint C25 on root level
05-26 23:13:00 com_github_MitjaNemec_PlaceFootprints.place_footprints 156:Footprint C22 on root level
05-26 23:13:00 com_github_MitjaNemec_PlaceFootprints.place_footprints 156:Footprint R4 on root level
05-26 23:13:00 com_github_MitjaNemec_PlaceFootprints.place_footprints 156:Footprint C1 on root level
05-26 23:13:00 com_github_MitjaNemec_PlaceFootprints.place_footprints 156:Footprint C21 on root level
05-26 23:13:00 com_github_MitjaNemec_PlaceFootprints.place_footprints 156:Footprint Q1 on root level
05-26 23:13:00 com_github_MitjaNemec_PlaceFootprints.place_footprints 156:Footprint C24 on root level
05-26 23:13:00 com_github_MitjaNemec_PlaceFootprints.place_footprints 156:Footprint C6 on root level
05-26 23:13:00 com_github_MitjaNemec_PlaceFootprints.place_footprints 156:Footprint C27 on root level
05-26 23:13:00 com_github_MitjaNemec_PlaceFootprints.place_footprints 156:Footprint C3 on root level
05-26 23:13:00 com_github_MitjaNemec_PlaceFootprints.place_footprints 156:Footprint D5 on root level
05-26 23:13:00 com_github_MitjaNemec_PlaceFootprints.place_footprints 156:Footprint D8 on root level
05-26 23:13:00 com_github_MitjaNemec_PlaceFootprints.place_footprints 156:Footprint D3 on root level
05-26 23:13:00 com_github_MitjaNemec_PlaceFootprints.place_footprints 156:Footprint D4 on root level
05-26 23:13:00 com_github_MitjaNemec_PlaceFootprints.action_place_footprints 717:Reference footprint='C1'
05-26 23:13:01 com_github_MitjaNemec_PlaceFootprints.action_place_footprints 858:Reference designator is: C
05-26 23:13:01 com_github_MitjaNemec_PlaceFootprints.action_place_footprints 859:Reference number is: 1
05-26 23:13:01 com_github_MitjaNemec_PlaceFootprints.action_place_footprints 891:Sorted and filtered list:
['C1', 'C2', 'C3', 'C4', 'C5', 'C6', 'C7', 'C8']
05-26 23:13:01 com_github_MitjaNemec_PlaceFootprints.action_place_footprints 376:wx.Colour(240, 240, 240, 255)
05-26 23:13:33 com_github_MitjaNemec_PlaceFootprints.action_place_footprints 507:'2'
05-26 23:13:33 com_github_MitjaNemec_PlaceFootprints.action_place_footprints 553:Preparing config for reference linear
05-26 23:13:33 com_github_MitjaNemec_PlaceFootprints.action_place_footprints 573:Saving config file
05-26 23:13:33 com_github_MitjaNemec_PlaceFootprints.action_place_footprints 575:Saved the config file
05-26 23:13:33 com_github_MitjaNemec_PlaceFootprints.action_place_footprints 929:Footprints to place:
['C1', 'C2', 'C4', 'C5']
05-26 23:13:33 com_github_MitjaNemec_PlaceFootprints.place_footprints 396:Starting placing with linear layout
05-26 23:13:33 com_github_MitjaNemec_PlaceFootprints.action_place_footprints 970:Placing complete
